 --- los invitados se presentan --- 
hola me llamo Carlos soy Primo de los novios estoy soltero arriba hombre
hola me llamo Pedro soy Amigo de los novios estoy soltero arriba hombre
hola me llamo Juan soy companero de los novios estoy comprometido arriba hombre
hola me llamo Andrés soy Sobrino de los novios estoy soltero arriba hombre
hola me llamo María soy Hermana de los novios estoy comprometida arriba mujer
hola me llamo Juana soy Amiga de los novios estoy comprometida arriba mujer
hola me llamo Cristina soy Amiga de los novios estoy soltera arriba mujer
--- Evento en la fiesta ---
Luis le quita la liga a Ana en la fiesta.

--- Lanzamiento del buquet ---
Atras esperando estan...
Carlos
Pedro
¡Tiré la liga y la atrapó Carlos!

--- Estado de invitados ---
Carlos: El invitado esta Esperando en la entrada
Pedro: El invitado esta Esperando en la entrada
Juan: El invitado esta Esperando en la entrada
Andrés: El invitado esta Esperando en la entrada
María: El invitado esta Esperando en la entrada
Juana: El invitado esta Esperando en la entrada
Cristina: El invitado esta Esperando en la entrada

--- Estado de empleados ---
Laura: El empleado esta atendiendo invitados
Miguel: El empleado esta atendiendo invitados
